{
  "Entries": [
    {
      "RequestUri": "/jobschedules?api-version=2018-12-01.8.0",
      "EncodedRequestUri": "L2pvYnNjaGVkdWxlcz9hcGktdmVyc2lvbj0yMDE4LTEyLTAxLjguMA==",
      "RequestMethod": "POST",
      "RequestBody": "{\r\n  \"id\": \"jobSchedule1\",\r\n  \"schedule\": {},\r\n  \"jobSpecification\": {\r\n    \"poolInfo\": {\r\n      \"poolId\": \"testPool\"\r\n    }\r\n  }\r\n}",
      "RequestHeaders": {
        "client-request-id": [
          "58e6b9c9-466d-40af-8c7b-22ef3416bfd0"
        ],
        "Accept-Language": [
          "en-US"
        ],
        "ocp-date": [
          "Sat, 02 Feb 2019 01:33:06 GMT"
        ],
        "User-Agent": [
          "FxVersion/4.6.27207.03",
          "OSName/Windows",
          "OSVersion/Microsoft.Windows.10.0.17763.",
          "Microsoft.Azure.Batch.Protocol.BatchServiceClient/10.0.0.0",
          "AzurePowershell/Az1.0.0"
        ],
        "Content-Type": [
          "application/json; odata=minimalmetadata; charset=utf-8"
        ],
        "Content-Length": [
          "132"
        ]
      },
      "ResponseHeaders": {
        "Transfer-Encoding": [
          "chunked"
        ],
        "ETag": [
          "0x8D688AE61BA80B7"
        ],
        "Location": [
          "https://matthchrwestcentralus.westcentralus.batch.azure.com/jobschedules/jobSchedule1"
        ],
        "Server": [
          "Microsoft-HTTPAPI/2.0"
        ],
        "request-id": [
          "7e4c3a68-85eb-4c2d-a25e-215012031f31"
        ],
        "Strict-Transport-Security": [
          "max-age=31536000; includeSubDomains"
        ],
        "X-Content-Type-Options": [
          "nosniff"
        ],
        "DataServiceVersion": [
          "3.0"
        ],
        "DataServiceId": [
          "https://matthchrwestcentralus.westcentralus.batch.azure.com/jobschedules/jobSchedule1"
        ],
        "Date": [
          "Sat, 02 Feb 2019 01:33:06 GMT"
        ],
        "Last-Modified": [
          "Sat, 02 Feb 2019 01:33:06 GMT"
        ]
      },
      "ResponseBody": "",
      "StatusCode": 201
    },
    {
      "RequestUri": "/jobschedules?api-version=2018-12-01.8.0",
      "EncodedRequestUri": "L2pvYnNjaGVkdWxlcz9hcGktdmVyc2lvbj0yMDE4LTEyLTAxLjguMA==",
      "RequestMethod": "POST",
      "RequestBody": "{\r\n  \"id\": \"jobSchedule2\",\r\n  \"schedule\": {\r\n    \"doNotRunUntil\": \"2020-01-01T12:30:00Z\"\r\n  },\r\n  \"jobSpecification\": {\r\n    \"poolInfo\": {\r\n      \"poolId\": \"testPool2\"\r\n    }\r\n  }\r\n}",
      "RequestHeaders": {
        "client-request-id": [
          "cbef860f-4b04-4695-a548-a41a55ae0877"
        ],
        "Accept-Language": [
          "en-US"
        ],
        "ocp-date": [
          "Sat, 02 Feb 2019 01:33:06 GMT"
        ],
        "User-Agent": [
          "FxVersion/4.6.27207.03",
          "OSName/Windows",
          "OSVersion/Microsoft.Windows.10.0.17763.",
          "Microsoft.Azure.Batch.Protocol.BatchServiceClient/10.0.0.0",
          "AzurePowershell/Az1.0.0"
        ],
        "Content-Type": [
          "application/json; odata=minimalmetadata; charset=utf-8"
        ],
        "Content-Length": [
          "182"
        ]
      },
      "ResponseHeaders": {
        "Transfer-Encoding": [
          "chunked"
        ],
        "ETag": [
          "0x8D688AE61E1CF3C"
        ],
        "Location": [
          "https://matthchrwestcentralus.westcentralus.batch.azure.com/jobschedules/jobSchedule2"
        ],
        "Server": [
          "Microsoft-HTTPAPI/2.0"
        ],
        "request-id": [
          "3c902654-0943-424f-a338-a2e7aef782e3"
        ],
        "Strict-Transport-Security": [
          "max-age=31536000; includeSubDomains"
        ],
        "X-Content-Type-Options": [
          "nosniff"
        ],
        "DataServiceVersion": [
          "3.0"
        ],
        "DataServiceId": [
          "https://matthchrwestcentralus.westcentralus.batch.azure.com/jobschedules/jobSchedule2"
        ],
        "Date": [
          "Sat, 02 Feb 2019 01:33:06 GMT"
        ],
        "Last-Modified": [
          "Sat, 02 Feb 2019 01:33:06 GMT"
        ]
      },
      "ResponseBody": "",
      "StatusCode": 201
    },
    {
      "RequestUri": "/jobschedules?api-version=2018-12-01.8.0&$filter=id%20eq%20%27jobSchedule1%27%20or%20id%20eq%20%27jobSchedule2%27",
      "EncodedRequestUri": "L2pvYnNjaGVkdWxlcz9hcGktdmVyc2lvbj0yMDE4LTEyLTAxLjguMCYkZmlsdGVyPWlkJTIwZXElMjAlMjdqb2JTY2hlZHVsZTElMjclMjBvciUyMGlkJTIwZXElMjAlMjdqb2JTY2hlZHVsZTIlMjc=",
      "RequestMethod": "GET",
      "RequestBody": "",
      "RequestHeaders": {
        "client-request-id": [
          "ec660e58-b142-4d52-84ad-ccae045bb741"
        ],
        "Accept-Language": [
          "en-US"
        ],
        "ocp-date": [
          "Sat, 02 Feb 2019 01:33:06 GMT"
        ],
        "User-Agent": [
          "FxVersion/4.6.27207.03",
          "OSName/Windows",
          "OSVersion/Microsoft.Windows.10.0.17763.",
          "Microsoft.Azure.Batch.Protocol.BatchServiceClient/10.0.0.0",
          "AzurePowershell/Az1.0.0"
        ]
      },
      "ResponseHeaders": {
        "Transfer-Encoding": [
          "chunked"
        ],
        "Server": [
          "Microsoft-HTTPAPI/2.0"
        ],
        "request-id": [
          "7a0eb845-9483-40c7-a6e8-46453a635ee8"
        ],
        "Strict-Transport-Security": [
          "max-age=31536000; includeSubDomains"
        ],
        "X-Content-Type-Options": [
          "nosniff"
        ],
        "DataServiceVersion": [
          "3.0"
        ],
        "Date": [
          "Sat, 02 Feb 2019 01:33:06 GMT"
        ],
        "Content-Type": [
          "application/json; odata=minimalmetadata"
        ]
      },
      "ResponseBody": "{\r\n  \"odata.metadata\": \"https://matthchrwestcentralus.westcentralus.batch.azure.com/$metadata#jobschedules\",\r\n  \"value\": [\r\n    {\r\n      \"id\": \"jobSchedule1\",\r\n      \"url\": \"https://matthchrwestcentralus.westcentralus.batch.azure.com/jobschedules/jobSchedule1\",\r\n      \"eTag\": \"0x8D688AE61BA80B7\",\r\n      \"lastModified\": \"2019-02-02T01:33:06.4803511Z\",\r\n      \"creationTime\": \"2019-02-02T01:33:06.4803511Z\",\r\n      \"state\": \"active\",\r\n      \"stateTransitionTime\": \"2019-02-02T01:33:06.4803511Z\",\r\n      \"jobSpecification\": {\r\n        \"priority\": 0,\r\n        \"usesTaskDependencies\": false,\r\n        \"onAllTasksComplete\": \"noaction\",\r\n        \"onTaskFailure\": \"noaction\",\r\n        \"constraints\": {\r\n          \"maxWallClockTime\": \"P10675199DT2H48M5.4775807S\",\r\n          \"maxTaskRetryCount\": 0\r\n        },\r\n        \"poolInfo\": {\r\n          \"poolId\": \"testPool\"\r\n        }\r\n      },\r\n      \"executionInfo\": {\r\n        \"recentJob\": {\r\n          \"url\": \"https://matthchrwestcentralus.westcentralus.batch.azure.com/jobs/jobSchedule1:job-1\",\r\n          \"id\": \"jobSchedule1:job-1\"\r\n        }\r\n      }\r\n    },\r\n    {\r\n      \"id\": \"jobSchedule2\",\r\n      \"url\": \"https://matthchrwestcentralus.westcentralus.batch.azure.com/jobschedules/jobSchedule2\",\r\n      \"eTag\": \"0x8D688AE61E1CF3C\",\r\n      \"lastModified\": \"2019-02-02T01:33:06.7379516Z\",\r\n      \"creationTime\": \"2019-02-02T01:33:06.7379516Z\",\r\n      \"state\": \"active\",\r\n      \"stateTransitionTime\": \"2019-02-02T01:33:06.7379516Z\",\r\n      \"schedule\": {\r\n        \"doNotRunUntil\": \"2020-01-01T12:30:00Z\"\r\n      },\r\n      \"jobSpecification\": {\r\n        \"priority\": 0,\r\n        \"usesTaskDependencies\": false,\r\n        \"onAllTasksComplete\": \"noaction\",\r\n        \"onTaskFailure\": \"noaction\",\r\n        \"constraints\": {\r\n          \"maxWallClockTime\": \"P10675199DT2H48M5.4775807S\",\r\n          \"maxTaskRetryCount\": 0\r\n        },\r\n        \"poolInfo\": {\r\n          \"poolId\": \"testPool2\"\r\n        }\r\n      },\r\n      \"executionInfo\": {\r\n        \"nextRunTime\": \"2020-01-01T12:30:00Z\"\r\n      }\r\n    }\r\n  ]\r\n}",
      "StatusCode": 200
    },
    {
      "RequestUri": "/jobschedules/jobSchedule2?api-version=2018-12-01.8.0",
      "EncodedRequestUri": "L2pvYnNjaGVkdWxlcy9qb2JTY2hlZHVsZTI/YXBpLXZlcnNpb249MjAxOC0xMi0wMS44LjA=",
      "RequestMethod": "PUT",
      "RequestBody": "{\r\n  \"schedule\": {\r\n    \"doNotRunUntil\": \"2025-01-01T12:30:00Z\"\r\n  },\r\n  \"jobSpecification\": {\r\n    \"priority\": 0,\r\n    \"usesTaskDependencies\": false,\r\n    \"onAllTasksComplete\": \"noaction\",\r\n    \"onTaskFailure\": \"noaction\",\r\n    \"constraints\": {\r\n      \"maxWallClockTime\": \"P10675199DT2H48M5.4775807S\",\r\n      \"maxTaskRetryCount\": 0\r\n    },\r\n    \"poolInfo\": {\r\n      \"poolId\": \"testPool2\"\r\n    }\r\n  }\r\n}",
      "RequestHeaders": {
        "client-request-id": [
          "5f292cf1-5803-4f8f-ac6a-3613cabfa400"
        ],
        "Accept-Language": [
          "en-US"
        ],
        "ocp-date": [
          "Sat, 02 Feb 2019 01:33:07 GMT"
        ],
        "User-Agent": [
          "FxVersion/4.6.27207.03",
          "OSName/Windows",
          "OSVersion/Microsoft.Windows.10.0.17763.",
          "Microsoft.Azure.Batch.Protocol.BatchServiceClient/10.0.0.0",
          "AzurePowershell/Az1.0.0"
        ],
        "Content-Type": [
          "application/json; odata=minimalmetadata; charset=utf-8"
        ],
        "Content-Length": [
          "403"
        ]
      },
      "ResponseHeaders": {
        "Transfer-Encoding": [
          "chunked"
        ],
        "ETag": [
          "0x8D688AE625AD146"
        ],
        "Server": [
          "Microsoft-HTTPAPI/2.0"
        ],
        "request-id": [
          "f36180b2-5699-47bd-a18b-ae7b20840885"
        ],
        "Strict-Transport-Security": [
          "max-age=31536000; includeSubDomains"
        ],
        "X-Content-Type-Options": [
          "nosniff"
        ],
        "DataServiceVersion": [
          "3.0"
        ],
        "DataServiceId": [
          "https://matthchrwestcentralus.westcentralus.batch.azure.com/jobschedules/jobSchedule2"
        ],
        "Date": [
          "Sat, 02 Feb 2019 01:33:06 GMT"
        ],
        "Last-Modified": [
          "Sat, 02 Feb 2019 01:33:07 GMT"
        ]
      },
      "ResponseBody": "",
      "StatusCode": 200
    },
    {
      "RequestUri": "/jobschedules/jobSchedule2?api-version=2018-12-01.8.0",
      "EncodedRequestUri": "L2pvYnNjaGVkdWxlcy9qb2JTY2hlZHVsZTI/YXBpLXZlcnNpb249MjAxOC0xMi0wMS44LjA=",
      "RequestMethod": "GET",
      "RequestBody": "",
      "RequestHeaders": {
        "client-request-id": [
          "8adc74a6-9a51-4cc4-8caf-e3b570f43835"
        ],
        "Accept-Language": [
          "en-US"
        ],
        "ocp-date": [
          "Sat, 02 Feb 2019 01:33:07 GMT"
        ],
        "User-Agent": [
          "FxVersion/4.6.27207.03",
          "OSName/Windows",
          "OSVersion/Microsoft.Windows.10.0.17763.",
          "Microsoft.Azure.Batch.Protocol.BatchServiceClient/10.0.0.0",
          "AzurePowershell/Az1.0.0"
        ]
      },
      "ResponseHeaders": {
        "Transfer-Encoding": [
          "chunked"
        ],
        "ETag": [
          "0x8D688AE625AD146"
        ],
        "Server": [
          "Microsoft-HTTPAPI/2.0"
        ],
        "request-id": [
          "98d1cb96-55be-4170-9448-815744fa1d18"
        ],
        "Strict-Transport-Security": [
          "max-age=31536000; includeSubDomains"
        ],
        "X-Content-Type-Options": [
          "nosniff"
        ],
        "DataServiceVersion": [
          "3.0"
        ],
        "Date": [
          "Sat, 02 Feb 2019 01:33:07 GMT"
        ],
        "Content-Type": [
          "application/json; odata=minimalmetadata"
        ],
        "Last-Modified": [
          "Sat, 02 Feb 2019 01:33:07 GMT"
        ]
      },
      "ResponseBody": "{\r\n  \"odata.metadata\": \"https://matthchrwestcentralus.westcentralus.batch.azure.com/$metadata#jobschedules/@Element\",\r\n  \"id\": \"jobSchedule2\",\r\n  \"url\": \"https://matthchrwestcentralus.westcentralus.batch.azure.com/jobschedules/jobSchedule2\",\r\n  \"eTag\": \"0x8D688AE625AD146\",\r\n  \"lastModified\": \"2019-02-02T01:33:07.5309894Z\",\r\n  \"creationTime\": \"2019-02-02T01:33:06.7379516Z\",\r\n  \"state\": \"active\",\r\n  \"stateTransitionTime\": \"2019-02-02T01:33:06.7379516Z\",\r\n  \"schedule\": {\r\n    \"doNotRunUntil\": \"2025-01-01T12:30:00Z\"\r\n  },\r\n  \"jobSpecification\": {\r\n    \"priority\": 0,\r\n    \"usesTaskDependencies\": false,\r\n    \"onAllTasksComplete\": \"noaction\",\r\n    \"onTaskFailure\": \"noaction\",\r\n    \"constraints\": {\r\n      \"maxWallClockTime\": \"P10675199DT2H48M5.4775807S\",\r\n      \"maxTaskRetryCount\": 0\r\n    },\r\n    \"poolInfo\": {\r\n      \"poolId\": \"testPool2\"\r\n    }\r\n  },\r\n  \"executionInfo\": {\r\n    \"nextRunTime\": \"2025-01-01T12:30:00Z\"\r\n  }\r\n}",
      "StatusCode": 200
    },
    {
      "RequestUri": "/jobschedules/jobSchedule1?api-version=2018-12-01.8.0",
      "EncodedRequestUri": "L2pvYnNjaGVkdWxlcy9qb2JTY2hlZHVsZTE/YXBpLXZlcnNpb249MjAxOC0xMi0wMS44LjA=",
      "RequestMethod": "DELETE",
      "RequestBody": "",
      "RequestHeaders": {
        "client-request-id": [
          "c21b8110-b0f7-4667-b458-6e167fec0721"
        ],
        "Accept-Language": [
          "en-US"
        ],
        "ocp-date": [
          "Sat, 02 Feb 2019 01:33:07 GMT"
        ],
        "User-Agent": [
          "FxVersion/4.6.27207.03",
          "OSName/Windows",
          "OSVersion/Microsoft.Windows.10.0.17763.",
          "Microsoft.Azure.Batch.Protocol.BatchServiceClient/10.0.0.0",
          "AzurePowershell/Az1.0.0"
        ],
        "Content-Length": [
          "0"
        ]
      },
      "ResponseHeaders": {
        "Transfer-Encoding": [
          "chunked"
        ],
        "Server": [
          "Microsoft-HTTPAPI/2.0"
        ],
        "request-id": [
          "42c5a3e4-2f30-4282-94e9-19a1c646e89c"
        ],
        "Strict-Transport-Security": [
          "max-age=31536000; includeSubDomains"
        ],
        "X-Content-Type-Options": [
          "nosniff"
        ],
        "DataServiceVersion": [
          "3.0"
        ],
        "Date": [
          "Sat, 02 Feb 2019 01:33:07 GMT"
        ]
      },
      "ResponseBody": "",
      "StatusCode": 202
    },
    {
      "RequestUri": "/jobschedules/jobSchedule2?api-version=2018-12-01.8.0",
      "EncodedRequestUri": "L2pvYnNjaGVkdWxlcy9qb2JTY2hlZHVsZTI/YXBpLXZlcnNpb249MjAxOC0xMi0wMS44LjA=",
      "RequestMethod": "DELETE",
      "RequestBody": "",
      "RequestHeaders": {
        "client-request-id": [
          "9fb85587-8939-4d12-a94c-b4649f64f5fc"
        ],
        "Accept-Language": [
          "en-US"
        ],
        "ocp-date": [
          "Sat, 02 Feb 2019 01:33:07 GMT"
        ],
        "User-Agent": [
          "FxVersion/4.6.27207.03",
          "OSName/Windows",
          "OSVersion/Microsoft.Windows.10.0.17763.",
          "Microsoft.Azure.Batch.Protocol.BatchServiceClient/10.0.0.0",
          "AzurePowershell/Az1.0.0"
        ],
        "Content-Length": [
          "0"
        ]
      },
      "ResponseHeaders": {
        "Transfer-Encoding": [
          "chunked"
        ],
        "Server": [
          "Microsoft-HTTPAPI/2.0"
        ],
        "request-id": [
          "603fc221-2cfa-4788-931a-dedaabe8c321"
        ],
        "Strict-Transport-Security": [
          "max-age=31536000; includeSubDomains"
        ],
        "X-Content-Type-Options": [
          "nosniff"
        ],
        "DataServiceVersion": [
          "3.0"
        ],
        "Date": [
          "Sat, 02 Feb 2019 01:33:07 GMT"
        ]
      },
      "ResponseBody": "",
      "StatusCode": 202
    },
    {
      "RequestUri": "/jobschedules?api-version=2018-12-01.8.0",
      "EncodedRequestUri": "L2pvYnNjaGVkdWxlcz9hcGktdmVyc2lvbj0yMDE4LTEyLTAxLjguMA==",
      "RequestMethod": "GET",
      "RequestBody": "",
      "RequestHeaders": {
        "client-request-id": [
          "7858006c-1c52-4175-a825-e946a887f138"
        ],
        "Accept-Language": [
          "en-US"
        ],
        "ocp-date": [
          "Sat, 02 Feb 2019 01:33:07 GMT"
        ],
        "User-Agent": [
          "FxVersion/4.6.27207.03",
          "OSName/Windows",
          "OSVersion/Microsoft.Windows.10.0.17763.",
          "Microsoft.Azure.Batch.Protocol.BatchServiceClient/10.0.0.0",
          "AzurePowershell/Az1.0.0"
        ]
      },
      "ResponseHeaders": {
        "Transfer-Encoding": [
          "chunked"
        ],
        "Server": [
          "Microsoft-HTTPAPI/2.0"
        ],
        "request-id": [
          "f46e87e7-f665-4eb4-8b3e-8848c696ceb8"
        ],
        "Strict-Transport-Security": [
          "max-age=31536000; includeSubDomains"
        ],
        "X-Content-Type-Options": [
          "nosniff"
        ],
        "DataServiceVersion": [
          "3.0"
        ],
        "Date": [
          "Sat, 02 Feb 2019 01:33:07 GMT"
        ],
        "Content-Type": [
          "application/json; odata=minimalmetadata"
        ]
      },
      "ResponseBody": "{\r\n  \"odata.metadata\": \"https://matthchrwestcentralus.westcentralus.batch.azure.com/$metadata#jobschedules\",\r\n  \"value\": [\r\n    {\r\n      \"id\": \"jobSchedule1\",\r\n      \"url\": \"https://matthchrwestcentralus.westcentralus.batch.azure.com/jobschedules/jobSchedule1\",\r\n      \"eTag\": \"0x8D688AE61BA80B7\",\r\n      \"lastModified\": \"2019-02-02T01:33:06.4803511Z\",\r\n      \"creationTime\": \"2019-02-02T01:33:06.4803511Z\",\r\n      \"state\": \"deleting\",\r\n      \"stateTransitionTime\": \"2019-02-02T01:33:07.8070344Z\",\r\n      \"previousState\": \"active\",\r\n      \"previousStateTransitionTime\": \"2019-02-02T01:33:06.4803511Z\",\r\n      \"jobSpecification\": {\r\n        \"priority\": 0,\r\n        \"usesTaskDependencies\": false,\r\n        \"onAllTasksComplete\": \"noaction\",\r\n        \"onTaskFailure\": \"noaction\",\r\n        \"constraints\": {\r\n          \"maxWallClockTime\": \"P10675199DT2H48M5.4775807S\",\r\n          \"maxTaskRetryCount\": 0\r\n        },\r\n        \"poolInfo\": {\r\n          \"poolId\": \"testPool\"\r\n        }\r\n      },\r\n      \"executionInfo\": {\r\n        \"recentJob\": {\r\n          \"url\": \"https://matthchrwestcentralus.westcentralus.batch.azure.com/jobs/jobSchedule1:job-1\",\r\n          \"id\": \"jobSchedule1:job-1\"\r\n        }\r\n      }\r\n    },\r\n    {\r\n      \"id\": \"jobSchedule2\",\r\n      \"url\": \"https://matthchrwestcentralus.westcentralus.batch.azure.com/jobschedules/jobSchedule2\",\r\n      \"eTag\": \"0x8D688AE625AD146\",\r\n      \"lastModified\": \"2019-02-02T01:33:07.5309894Z\",\r\n      \"creationTime\": \"2019-02-02T01:33:06.7379516Z\",\r\n      \"state\": \"deleting\",\r\n      \"stateTransitionTime\": \"2019-02-02T01:33:07.8610088Z\",\r\n      \"previousState\": \"active\",\r\n      \"previousStateTransitionTime\": \"2019-02-02T01:33:06.7379516Z\",\r\n      \"schedule\": {\r\n        \"doNotRunUntil\": \"2025-01-01T12:30:00Z\"\r\n      },\r\n      \"jobSpecification\": {\r\n        \"priority\": 0,\r\n        \"usesTaskDependencies\": false,\r\n        \"onAllTasksComplete\": \"noaction\",\r\n        \"onTaskFailure\": \"noaction\",\r\n        \"constraints\": {\r\n          \"maxWallClockTime\": \"P10675199DT2H48M5.4775807S\",\r\n          \"maxTaskRetryCount\": 0\r\n        },\r\n        \"poolInfo\": {\r\n          \"poolId\": \"testPool2\"\r\n        }\r\n      },\r\n      \"executionInfo\": {\r\n        \"nextRunTime\": \"2025-01-01T12:30:00Z\"\r\n      }\r\n    }\r\n  ]\r\n}",
      "StatusCode": 200
    }
  ],
  "Names": {},
  "Variables": {
    "SubscriptionId": "2915bbd6-1252-405f-8173-6c00428146d9",
    "AZURE_BATCH_ACCOUNT": "matthchrwestcentralus",
    "AZURE_BATCH_ENDPOINT": "https://matthchrwestcentralus.westcentralus.batch.azure.com",
    "AZURE_BATCH_RESOURCE_GROUP": "matthchrwestcentralus"
  }
}